here() starts at /dss/dsshome1/lxc0C/ru48nas2/r-xla/benchmarks
Sourcing configuration file '~/.batchtools.conf.R' ...
Loading required package: checkmate
Created registry in '/dss/dsshome1/lxc0C/ru48nas2/r-xla/benchmarks/benchmarks/hmc/registry-gpu' using cluster functions 'Slurm'
Exporting new objects: 'time_rtorch','time_anvl','time_stan' ...
Adding problem 'runtime_sample'
Adding algorithm 'rtorch'
Adding algorithm 'stan'
Adding algorithm 'anvl'
Adding 11 experiments ('runtime_sample'[11] x 'rtorch'[1] x repls[1]) ...
Adding 22 experiments ('runtime_sample'[11] x 'anvl'[2] x repls[1]) ...
Submitting 1 jobs in 1 chunks using cluster functions 'Interactive' ...
Submitting 1 jobs in 1 chunks using cluster functions 'Interactive' ...
Submitting 1 jobs in 1 chunks using cluster functions 'Interactive' ...
Submitting 1 jobs in 1 chunks using cluster functions 'Interactive' ...
Submitting 1 jobs in 1 chunks using cluster functions 'Interactive' ...
Submitting 1 jobs in 1 chunks using cluster functions 'Interactive' ...
Submitting 1 jobs in 1 chunks using cluster functions 'Interactive' ...
Submitting 1 jobs in 1 chunks using cluster functions 'Interactive' ...
Submitting 1 jobs in 1 chunks using cluster functions 'Interactive' ...
Submitting 1 jobs in 1 chunks using cluster functions 'Interactive' ...
Submitting 1 jobs in 1 chunks using cluster functions 'Interactive' ...
Submitting 1 jobs in 1 chunks using cluster functions 'Interactive' ...
Submitting 1 jobs in 1 chunks using cluster functions 'Interactive' ...
Submitting 1 jobs in 1 chunks using cluster functions 'Interactive' ...
Submitting 1 jobs in 1 chunks using cluster functions 'Interactive' ...
Submitting 1 jobs in 1 chunks using cluster functions 'Interactive' ...
Submitting 1 jobs in 1 chunks using cluster functions 'Interactive' ...
Submitting 1 jobs in 1 chunks using cluster functions 'Interactive' ...
Submitting 1 jobs in 1 chunks using cluster functions 'Interactive' ...
Submitting 1 jobs in 1 chunks using cluster functions 'Interactive' ...
Submitting 1 jobs in 1 chunks using cluster functions 'Interactive' ...
Submitting 1 jobs in 1 chunks using cluster functions 'Interactive' ...
Submitting 1 jobs in 1 chunks using cluster functions 'Interactive' ...
Submitting 1 jobs in 1 chunks using cluster functions 'Interactive' ...
Submitting 1 jobs in 1 chunks using cluster functions 'Interactive' ...
Submitting 1 jobs in 1 chunks using cluster functions 'Interactive' ...
Submitting 1 jobs in 1 chunks using cluster functions 'Interactive' ...
Submitting 1 jobs in 1 chunks using cluster functions 'Interactive' ...
Submitting 1 jobs in 1 chunks using cluster functions 'Interactive' ...
srun: Job step aborted: Waiting up to 32 seconds for job step to finish.
slurmstepd: error: *** JOB 5692609 ON mcml-hgx-a100-010 CANCELLED AT 2026-06-29T15:21:10 ***
slurmstepd: error: *** STEP 5692609.0 ON mcml-hgx-a100-010 CANCELLED AT 2026-06-29T15:21:10 ***
