here() starts at /dss/dsshome1/lxc0C/ru48nas2/r-xla/benchmarks
Sourcing configuration file '~/.batchtools.conf.R' ...
Loading required package: checkmate
Created registry in '/dss/dsshome1/lxc0C/ru48nas2/r-xla/benchmarks/benchmarks/hmc/registry-cpu-single-2' using cluster functions 'Slurm'
Exporting new objects: 'time_rtorch','time_anvl','time_stan' ...
Adding problem 'runtime_sample'
Adding algorithm 'rtorch'
Adding algorithm 'stan'
Adding algorithm 'anvl'
Adding 7 experiments ('runtime_sample'[7] x 'rtorch'[1] x repls[1]) ...
Adding 7 experiments ('runtime_sample'[7] x 'stan'[1] x repls[1]) ...
Adding 14 experiments ('runtime_sample'[7] x 'anvl'[2] x repls[1]) ...
Submitting 1 jobs in 1 chunks using cluster functions 'Interactive' ...
Submitting 1 jobs in 1 chunks using cluster functions 'Interactive' ...
Submitting 1 jobs in 1 chunks using cluster functions 'Interactive' ...
Submitting 1 jobs in 1 chunks using cluster functions 'Interactive' ...
Submitting 1 jobs in 1 chunks using cluster functions 'Interactive' ...
Submitting 1 jobs in 1 chunks using cluster functions 'Interactive' ...
Submitting 1 jobs in 1 chunks using cluster functions 'Interactive' ...
Submitting 1 jobs in 1 chunks using cluster functions 'Interactive' ...
Submitting 1 jobs in 1 chunks using cluster functions 'Interactive' ...
Submitting 1 jobs in 1 chunks using cluster functions 'Interactive' ...
Submitting 1 jobs in 1 chunks using cluster functions 'Interactive' ...
Submitting 1 jobs in 1 chunks using cluster functions 'Interactive' ...
Submitting 1 jobs in 1 chunks using cluster functions 'Interactive' ...
Submitting 1 jobs in 1 chunks using cluster functions 'Interactive' ...
Submitting 1 jobs in 1 chunks using cluster functions 'Interactive' ...
Submitting 1 jobs in 1 chunks using cluster functions 'Interactive' ...
Submitting 1 jobs in 1 chunks using cluster functions 'Interactive' ...
Submitting 1 jobs in 1 chunks using cluster functions 'Interactive' ...
Submitting 1 jobs in 1 chunks using cluster functions 'Interactive' ...
Submitting 1 jobs in 1 chunks using cluster functions 'Interactive' ...
Submitting 1 jobs in 1 chunks using cluster functions 'Interactive' ...
Submitting 1 jobs in 1 chunks using cluster functions 'Interactive' ...
slurmstepd: error: *** JOB 5689047 ON cpu-012 CANCELLED AT 2026-06-26T15:04:09 ***
